// Jest Snapshot v1, https://goo.gl/fbAQLP

exports[`NavBar should matche the snapshot 1`] = `
<div>
  <div
    class="sideNav"
  >
    <ul>
      <a
        href="www.youtube.com/watch?v=3oUu7N65s6I&t=1860s"
      >
        <li />
      </a>
      <a
        href="www.youtube.com/watch?v=3oUu7N65s6I&t=1860s"
      >
        <li>
          Home
        </li>
      </a>
      <a
        href="www.youtube.com/watch?v=3oUu7N65s6I&t=1860s"
      >
        <li>
          Trending
        </li>
      </a>
      <a
        href="www.youtube.com/watch?v=3oUu7N65s6I&t=1860s"
      >
        <li>
          Subscriptions
        </li>
      </a>
      <a
        href="www.youtube.com/watch?v=3oUu7N65s6I&t=1860s"
      >
        <li>
          Library
        </li>
      </a>
    </ul>
  </div>
</div>
`;
